PC1-R4: 192.168.1.0 255.255.255.224		1
PC1 - 192.168.1.1	R4 - 192.168.1.2
PC2-R5: 192.168.1.32 255.255.255.224		2
PC2 - 192.168.1.33	     R5 - 192.168.1.34
PC5 - R8: 192.168.1.64 255.255.255.224		3
PC5 - 192.168.1.65	     R8 - 192.168.1.66
PC3 - R6: 192.168.1.96 255.255.255.224		4
PC3 - 192.168.1.97      R6 - 192.168.1.98
PC4 - R7: 192.168.1.128 255.255.255.224		5
PC4 - 192.168.1.129     R7 - 192.168.1.130

R4-R5: 192.168.2.0 255.255.255.252		1
R4 - 192.168.2.1	R5-192.168.2.2
R5-R1: 192.168.2.4 255.255.255.252			2
R5 - 192.168.2.5	R1 - 192.168.2.6
R3-R8: 192.168.2.8 255.255.255.252		3
R3 - 192.168.2.9	R8 - 192.168.2.10
R2-R6: 192.168.2.12 255.255.255.252		4
R2 - 192.168.2.13	R6 - 192.168.2.14
R3-R7: 192.168.2.16 255.255.255.252		5
R3 - 192.168.2.17	R7 - 192.168.2.18
R6-R7: 192.168.2.20 255.255.255.252		6
R6 - 192.168.2.21	R7 - 192.168.2.22

L2Switch	      (R1, R2, R3, L2SW)
192.168.3.0 255.255.255.248
L2Switch - 192.168.3.1	R1 - 192.168.3.2	R2 - 192.168.3.3	R3 - 192.168.3.4


R4#config t
Enter configuration commands, one per line.  End with CNTL/Z.
R4(config)#interface FastEthernet0/0
R4(config-if)#ip address 192.168.1.2 255.255.255.224
R4(config-if)#no shutdown
R4(config-if)#exit
R4(config)#interface FastEthernet 1/0
R4(config-if)#ip addr 192.168.2.1 255.255.255.252
R4(config-if)#no shutdown
R4(config-if)#^Z
R4#config t
Enter configuration commands, one per line.  End with CNTL/Z.
R4(config)#router rip
R4(config-router)#version 2
R4(config-router)#network 192.168.1.0
R4(config-router)#network 192.168.2.0
R4(config-router)#no auto-summary

R5#config t
Enter configuration commands, one per line.  End with CNTL/Z.
R5(config)#interface FastEthernet 0/0
R5(config-if)#ip address 192.168.1.34 255.255.255.224
R5(config-if)#no shutdown
R5(config-if)#exit
R5(config)#interface FastEthernet 1/0
R5(config-if)#ip address 192.168.2.2 255.255.255.252
R5(config-if)#no shutdown
R5(config-if)#exit
R5(config)#interface FastEthernet 2/0
R5(config-if)#ip address 192.168.2.5 255.255.255.252
R5(config-if)#no shutdown
R5(config-if)#exit
R5(config)#router rip
R5(config-router)#version 2
R5(config-router)#network 192.168.1.32
R5(config-router)#network 192.168.2.0
R5(config-router)#network 192.168.2.4
R5(config-router)#no auto-summary
R5#wr mem

R1#config t
Enter configuration commands, one per line.  End with CNTL/Z.
R1(config)#interface FastEthernet 0/0
R1(config-if)#ip addr 192.168.2.6 255.255.255.252
R1(config-if)#no shutdown
R1(config-if)#interface FastEthernet 1/0
R1(config-if)#ip addr 192.168.3.2 255.255.255.248
R1(config-if)#no shutdown
R1(config-if)#exit
R1(config)#router rip
R1(config-router)#version 2
R1(config-router)#network 192.168.2.4
R1(config-router)#network 192.168.3.0
R1(config-router)#redistribute ospf 1 metric 5
R1(config-router)#exit
R1(config)#router ospf 1
R1(config-router)#redistribute rip subnets metric 100
R1(config-router)#router-id 192.168.3.2
R1(config-router)#network 192.168.2.4 0.0.0.3 area 0
R1(config-router)#network 192.168.3.0 0.0.0.7 area 0
R1#wr mem



R2#config t
Enter configuration commands, one per line.  End with CNTL/Z.
R2(config)#interface FastEthernet 0/0
R2(config-if)#ip address 192.168.3.3 255.255.255.248
R2(config-if)#no shutdown
R2(config-if)#exit
R2(config)#interface FastEthernet 1/0
R2(config-if)#ip addr 192.168.2.13 255.255.255.252
R2(config-if)#no shutdown
R2(config-if)#exit
R2(config)#router ospf 1
R2(config-router)#router-id 192.168.3.3
R2(config-router)#network 192.168.3.0 0.0.0.7 area 0
R2#wr mem




R3#conf t
Enter configuration commands, one per line.  End with CNTL/Z.
R3(config)#interface FastEthernet 0/0
R3(config-if)#ip addr 192.168.3.4 255.255.255.248
R3(config-if)#no shutdown
R3(config-if)#ip addr 192.168.3.4 255.255.255.248
R3(config-if)#interface FastEthernet 1/0
R3(config-if)#ip addr 192.168.2.17 255.255.255.252
R3(config-if)#no shutdown
R3(config-if)#interface FastEthernet 2/0
R3(config-if)#ip addr 192.168.2.9 255.255.255.252
R3(config-if)#no shutdown
R3(config-if)#exit
R3(config)#router ospf
% Incomplete command.
R3(config)#router ospf 1
R3(config-router)#router-id 192.168.3.4
R3(config-router)#network 192.168.3.0 0.0.0.7 area 0
R3(config-router)#network 192.168.2.16 0.0.0.3 area 2
R3(config-router)#network 192.168.2.8 0.0.0.3 area 1
R3(config-router)#area 1 stub no-summary
R3(config-router)#^Z
R3#wr mem




R8#conf t
Enter configuration commands, one per line.  End with CNTL/Z.
R8(config)#interface FastEthernet 0/0
R8(config-if)#ip addr 192.168.2.10 255.255.255.252
R8(config-if)#no shutdown
R8(config-if)#interface FastEthernet 1/0
R8(config-if)#ip addr 192.168.1.66 255.255.255.224
R8(config-if)#no shutdown
R8(config-if)#exit
R8(config)#router ospf 1
R8(config-router)#router-id 192.168.2.10
R8(config-router)#network 192.168.1.64 0.0.0.31 area 1
R8(config-router)#network 192.168.2.8 0.0.0.3 area 1
R8(config-router)#area 1 stub
R8(config-router)#^Z
R8#wr mem


R6#config t
Enter configuration commands, one per line.  End with CNTL/Z.
R6(config)#interface FastEthernet 0/0
R6(config-if)#ip addr 192.168.2.14 255.255.255.252
R6(config-if)#no shutdown
R6(config-if)#interface FastEthernet 1/0
R6(config-if)#ip addr 192.168.1.98 255.255.255.224
R6(config-if)#no shutdown
R6(config-if)#interface FastEthernet 2/0
R6(config-if)#ip addr 192.168.2.21 255.255.255.252
R6(config-if)#no shutdown
R6(config-if)#exit
R6(config)#router ospf 1
R6(config-router)#router-id 192.168.2.14
R6(config-router)#network 192.168.2.12 0.0.0.3 area 2
R6(config-router)#network 192.168.1.96  0.0.0.31 area 2
R6(config-router)#network 192.168.2.20 0.0.0.3 area 2
R6(config-router)#^Z
R6#wr mem


R7#conf t
Enter configuration commands, one per line.  End with CNTL/Z.
R7(config)#interface FastEthernet 0/0
R7(config-if)#ip addr 192.168.2.18 255.255.255.252
R7(config-if)#no shutdown
R7(config-if)#interface FastEthernet 1/0
R7(config-if)#ip addr 192.168.1.130 255.255.255.224
R7(config-if)#no shutdown
R7(config-if)#interface FastEthernet 2/0
R7(config-if)#ip addr 192.168.2.22 255.255.255.252
R7(config-if)#no shutdown
R7(config-if)#exit
R7(config)#router ospf 1
R7(config-router)#router-id 192.168.2.18
R7(config-router)#network 192.168.2.16 0.0.0.3 area 2
R7(config-router)#network 192.168.1.128 0.0.0.31 area 2
R7(config-router)#network 192.168.2.20 0.0.0.3 area 2
R7(config-router)#^Z
R7#wr mem




PC1> ping 192.168.1.33

192.168.1.33 icmp_seq=1 timeout
84 bytes from 192.168.1.33 icmp_seq=2 ttl=62 time=21.203 ms
^C
PC1> ping 192.168.1.97

192.168.1.97 icmp_seq=1 timeout
84 bytes from 192.168.1.97 icmp_seq=2 ttl=59 time=53.242 ms
^C
PC1> ping 192.168.1.129

192.168.1.129 icmp_seq=1 timeout
84 bytes from 192.168.1.129 icmp_seq=2 ttl=59 time=56.031 ms
^C
PC1> ping 192.168.1.65

192.168.1.65 icmp_seq=1 timeout
84 bytes from 192.168.1.65 icmp_seq=2 ttl=59 time=58.971 ms




PC2> ping 192.168.1.1

84 bytes from 192.168.1.1 icmp_seq=1 ttl=62 time=39.653 ms
84 bytes from 192.168.1.1 icmp_seq=2 ttl=62 time=25.885 ms
84 bytes from 192.168.1.1 icmp_seq=3 ttl=62 time=25.399 ms
^C

PC2> ping 192.168.1.97

84 bytes from 192.168.1.97 icmp_seq=1 ttl=60 time=58.234 ms
84 bytes from 192.168.1.97 icmp_seq=2 ttl=60 time=45.333 ms
84 bytes from 192.168.1.97 icmp_seq=3 ttl=60 time=46.051 ms
84 bytes from 192.168.1.97 icmp_seq=4 ttl=60 time=45.222 ms
^C
PC2> ping 192.168.1.129

84 bytes from 192.168.1.129 icmp_seq=1 ttl=60 time=59.648 ms
84 bytes from 192.168.1.129 icmp_seq=2 ttl=60 time=55.094 ms
84 bytes from 192.168.1.129 icmp_seq=3 ttl=60 time=55.418 ms
^C
PC2> ping 192.168.1.65

84 bytes from 192.168.1.65 icmp_seq=1 ttl=60 time=67.476 ms
84 bytes from 192.168.1.65 icmp_seq=2 ttl=60 time=45.727 ms
84 bytes from 192.168.1.65 icmp_seq=3 ttl=60 time=55.613 ms
84 bytes from 192.168.1.65 icmp_seq=4 ttl=60 time=45.947 ms
^C




PC3> ping 192.168.1.1

84 bytes from 192.168.1.1 icmp_seq=1 ttl=59 time=69.606 ms
84 bytes from 192.168.1.1 icmp_seq=2 ttl=59 time=55.634 ms
84 bytes from 192.168.1.1 icmp_seq=3 ttl=59 time=56.110 ms
^C
PC3> ping 192.168.1.33

84 bytes from 192.168.1.33 icmp_seq=1 ttl=60 time=57.215 ms
84 bytes from 192.168.1.33 icmp_seq=2 ttl=60 time=45.381 ms
84 bytes from 192.168.1.33 icmp_seq=3 ttl=60 time=46.088 ms
^C
PC3> ping 192.168.1.129

84 bytes from 192.168.1.129 icmp_seq=1 ttl=62 time=37.595 ms
84 bytes from 192.168.1.129 icmp_seq=2 ttl=62 time=25.367 ms
84 bytes from 192.168.1.129 icmp_seq=3 ttl=62 time=26.113 ms
^C
PC3> ping 192.168.1.65

84 bytes from 192.168.1.65 icmp_seq=1 ttl=60 time=55.423 ms
84 bytes from 192.168.1.65 icmp_seq=2 ttl=60 time=46.160 ms
84 bytes from 192.168.1.65 icmp_seq=3 ttl=60 time=46.099 ms
^C




PC4> ping 192.168.1.1

84 bytes from 192.168.1.1 icmp_seq=1 ttl=59 time=54.883 ms
84 bytes from 192.168.1.1 icmp_seq=2 ttl=59 time=55.417 ms
84 bytes from 192.168.1.1 icmp_seq=3 ttl=59 time=55.874 ms
^C
PC4> ping 192.168.1.33

84 bytes from 192.168.1.33 icmp_seq=1 ttl=60 time=57.994 ms
84 bytes from 192.168.1.33 icmp_seq=2 ttl=60 time=55.912 ms
84 bytes from 192.168.1.33 icmp_seq=3 ttl=60 time=55.814 ms
84 bytes from 192.168.1.33 icmp_seq=4 ttl=60 time=55.056 ms
^C
PC4> ping 192.168.1.97

84 bytes from 192.168.1.97 icmp_seq=1 ttl=62 time=27.078 ms
84 bytes from 192.168.1.97 icmp_seq=2 ttl=62 time=25.741 ms
84 bytes from 192.168.1.97 icmp_seq=3 ttl=62 time=24.967 ms
^C
PC4> ping 192.168.1.65

84 bytes from 192.168.1.65 icmp_seq=1 ttl=61 time=32.814 ms
84 bytes from 192.168.1.65 icmp_seq=2 ttl=61 time=35.306 ms
84 bytes from 192.168.1.65 icmp_seq=3 ttl=61 time=35.429 ms
84 bytes from 192.168.1.65 icmp_seq=4 ttl=61 time=35.177 ms




PC5> ping 192.168.1.1

84 bytes from 192.168.1.1 icmp_seq=1 ttl=59 time=100.406 ms
84 bytes from 192.168.1.1 icmp_seq=2 ttl=59 time=55.616 ms
84 bytes from 192.168.1.1 icmp_seq=3 ttl=59 time=56.116 ms
^C
PC5> ping 192.168.1.33

84 bytes from 192.168.1.33 icmp_seq=1 ttl=60 time=59.140 ms
84 bytes from 192.168.1.33 icmp_seq=2 ttl=60 time=45.150 ms
84 bytes from 192.168.1.33 icmp_seq=3 ttl=60 time=46.643 ms
^C
PC5> ping 192.168.1.97

84 bytes from 192.168.1.97 icmp_seq=1 ttl=60 time=45.347 ms
84 bytes from 192.168.1.97 icmp_seq=2 ttl=60 time=45.209 ms
84 bytes from 192.168.1.97 icmp_seq=3 ttl=60 time=45.293 ms
^C
PC5> ping 192.168.1.129

84 bytes from 192.168.1.129 icmp_seq=1 ttl=61 time=43.207 ms
84 bytes from 192.168.1.129 icmp_seq=2 ttl=61 time=35.134 ms
84 bytes from 192.168.1.129 icmp_seq=3 ttl=61 time=34.966 ms